2026-04-22 20:43:03 - back_end.Database.logging_config - INFO - Logging configured
2026-04-22 20:43:03 - back_end.slot_monitor.camera.qr_pid_reader - INFO - [QRReader] zxing-cpp not installed — falling back to cv2.QRCodeDetector
2026-04-22 20:43:03 - back_end.slot_monitor.camera.qr_pid_reader - INFO - [QRReader] Install with: pip install zxing-cpp
2026-04-22 20:43:03 - back_end.server.app - INFO - HTTP response compression enabled (flask-compress)
2026-04-22 20:43:03 - back_end.server.app - INFO - API blueprints registered
2026-04-22 20:43:03 - back_end.server.app - INFO - SocketIO initialized
2026-04-22 20:43:03 - back_end.slot_monitor.headless_slot_monitor - INFO - ======================================================================
2026-04-22 20:43:03 - back_end.slot_monitor.headless_slot_monitor - INFO - HEADLESS SLOT MONITOR (PRODUCTION MODE)
2026-04-22 20:43:03 - back_end.slot_monitor.headless_slot_monitor - INFO - ======================================================================
2026-04-22 20:43:03 - back_end.slot_monitor.headless_slot_monitor - INFO - Camera: 1 (1280x720 @ 30fps)
2026-04-22 20:43:03 - back_end.slot_monitor.headless_slot_monitor - INFO - Workers: 4 | mismatch=0.15 recalc=0.05
2026-04-22 20:43:03 - back_end.slot_monitor.slot_operations - INFO - SlotOperations initialized
2026-04-22 20:43:03 - back_end.server.app - INFO - Slot monitor created (not started yet)
2026-04-22 20:43:03 - back_end.server.app - INFO - Flask application ready
2026-04-22 20:43:03 - __main__ - INFO - ============================================================
2026-04-22 20:43:03 - __main__ - INFO - PHONE BOX SERVER — STARTING
2026-04-22 20:43:03 - __main__ - INFO - ============================================================
2026-04-22 20:43:03 - __main__ - INFO - Scan worker started
2026-04-22 20:43:03 - back_end.slot_monitor.admin.background_encoder - INFO - [BgEncoder] Background video encoder started
2026-04-22 20:43:03 - __main__ - INFO - BackgroundEncoder pre-warmed
2026-04-22 20:43:03 - back_end.server.webrtc_handler - INFO - WebRTC async event loop started
2026-04-22 20:43:03 - __main__ - INFO - Scanner loop started
2026-04-22 20:43:03 - back_end.slot_monitor.camera.top_camera - INFO - [TopCamera] Started on camera index 2
2026-04-22 20:43:03 - back_end.slot_monitor.camera.rolling_buffer - INFO - [TopRollingBuffer] Started (5 fps idle)
2026-04-22 20:43:03 - __main__ - INFO - Top camera started (eager)
2026-04-22 20:43:03 - back_end.slot_monitor.ops_handler - INFO - DVW WebSocket handlers registered
2026-04-22 20:43:03 - back_end.slot_monitor.services.operation_context - INFO - Operation cleanup thread started
2026-04-22 20:43:03 - __main__ - INFO - DVW system ready
2026-04-22 20:43:03 - __main__ - INFO - ROI calibration: 4 lids from DB
2026-04-22 20:43:03 - back_end.slot_monitor.tools.roi_calibration - INFO - [ROI Calibration] Capturing frame from camera 1…
2026-04-22 20:43:04 - __main__ - INFO - Face embedder: DeepFace (TF) pre-warmed
2026-04-22 20:43:05 - back_end.slot_monitor.tools.roi_calibration - INFO - [ROI Calibration] Editing BOTTOM CAMERA Slot monitoring (640×480, 4 lids). Press X/Enter to confirm.
2026-04-22 20:43:06 - back_end.slot_monitor.tools.roi_calibration - INFO - [ROI Calibration] Saved 4 ROIs to C:\Users\enpei\PycharmProjects\PhoneBox\back_end\slot_monitor\tools\rois_bottom.json
2026-04-22 20:43:06 - back_end.slot_monitor.tools.roi_calibration - INFO - [ROI Calibration] Capturing frame from camera 2…
2026-04-22 20:43:07 - back_end.slot_monitor.tools.roi_calibration - INFO - [ROI Calibration] Editing TOP-DOWN CAMERA Admin / evidence (640×480, 4 lids). Press X/Enter to confirm.
2026-04-22 20:43:08 - back_end.slot_monitor.tools.roi_calibration - INFO - [ROI Calibration] Saved 4 ROIs to C:\Users\enpei\PycharmProjects\PhoneBox\back_end\slot_monitor\tools\rois_top.json
2026-04-22 20:43:08 - back_end.slot_monitor.tools.roi_calibration - INFO - [ROI Calibration] Complete.
2026-04-22 20:43:08 - back_end.slot_monitor.headless_slot_monitor - INFO - Slot monitor thread started
2026-04-22 20:43:08 - back_end.slot_monitor.headless_slot_monitor - INFO - ======================================================================
2026-04-22 20:43:08 - back_end.slot_monitor.headless_slot_monitor - INFO - SLOT MONITOR SETUP
2026-04-22 20:43:08 - __main__ - INFO - Slot monitor started
2026-04-22 20:43:08 - back_end.slot_monitor.headless_slot_monitor - INFO - ======================================================================
2026-04-22 20:43:08 - back_end.slot_monitor.headless_slot_monitor - INFO - Connecting to database...
2026-04-22 20:43:08 - back_end.slot_monitor.slot_operations - INFO - Monitor attached to SlotOperations
2026-04-22 20:43:08 - back_end.server.app - INFO - Monitor connected to SlotOperations
2026-04-22 20:43:08 - __main__ - INFO - Waiting for slot monitor setup to complete...
2026-04-22 20:43:08 - back_end.slot_monitor.camera.top_camera - WARNING - [TopCamera] Frame read failed
2026-04-22 20:43:09 - back_end.slot_monitor.db_interface - INFO - AsyncPG pool created: 5-20 connections to localhost:5432/PhoneBoxDB
2026-04-22 20:43:09 - back_end.slot_monitor.headless_slot_monitor - INFO - Database ready (pool: 5-20)
2026-04-22 20:43:09 - back_end.slot_monitor.headless_slot_monitor - INFO - Setting up camera...
2026-04-22 20:43:09 - back_end.slot_monitor.camera.camera_async - INFO - Event loop attached to AsyncFrameBuffer
2026-04-22 20:43:09 - back_end.slot_monitor.camera.camera_async - INFO - Waiting for first frame...
2026-04-22 20:43:09 - back_end.slot_monitor.camera.camera_async - INFO - Camera 1 opened: 1280x720 @ 29fps
2026-04-22 20:43:09 - back_end.slot_monitor.camera.camera_async - INFO - Async camera 1 started (1280x720 @ 30fps)
2026-04-22 20:43:09 - back_end.slot_monitor.camera.camera_async - INFO - AsyncCameraCapture initialized (cam 1, 1280x720)
2026-04-22 20:43:09 - back_end.slot_monitor.headless_slot_monitor - INFO - Auto grid: 2x2 for 4 slots
2026-04-22 20:43:09 - back_end.slot_monitor.slots - INFO - [Slots] Loaded 4 ROIs from C:\Users\enpei\PycharmProjects\PhoneBox\back_end\slot_monitor\tools\rois_bottom.json
2026-04-22 20:43:09 - back_end.slot_monitor.headless_slot_monitor - INFO - Camera ready — 4 ROIs generated
2026-04-22 20:43:09 - back_end.slot_monitor.headless_slot_monitor - INFO - Checking baselines...
2026-04-22 20:43:09 - back_end.slot_monitor.db_interface - INFO - Fetched 4 baselines from DB (async)
2026-04-22 20:43:09 - back_end.slot_monitor.headless_slot_monitor - INFO -   Slot 0: OK (dist=0.0000)
2026-04-22 20:43:09 - back_end.slot_monitor.headless_slot_monitor - INFO -   Slot 1: OK (dist=0.0000)
2026-04-22 20:43:09 - back_end.slot_monitor.headless_slot_monitor - INFO -   Slot 2: OK (dist=0.0000)
2026-04-22 20:43:09 - back_end.slot_monitor.headless_slot_monitor - INFO -   Slot 3: OK (dist=0.0000)
2026-04-22 20:43:09 - back_end.slot_monitor.headless_slot_monitor - INFO - Initializing slot states from database...
2026-04-22 20:43:09 - back_end.slot_monitor.db_interface - INFO - Fetched 2 occupied slots from DB (async)
2026-04-22 20:43:09 - back_end.slot_monitor.db_interface - INFO - Fetched 4 baselines from DB (async)
2026-04-22 20:43:09 - back_end.slot_monitor.headless_slot_monitor - INFO - 2 occupied slots, 4 baselines
2026-04-22 20:43:09 - back_end.slot_monitor.headless_slot_monitor - INFO -   Slot 0: OCCUPIED (PID: 4877f4c1-0fd5-49b0-ac1a-2db9eafa8249)
2026-04-22 20:43:09 - back_end.slot_monitor.headless_slot_monitor - INFO -   Slot 1: OCCUPIED (PID: c76d7cd4-ab52-4a56-9c66-0c4fb777d087)
2026-04-22 20:43:09 - back_end.slot_monitor.headless_slot_monitor - INFO -   Slot 2: EMPTY
2026-04-22 20:43:09 - back_end.slot_monitor.headless_slot_monitor - INFO -   Slot 3: EMPTY
2026-04-22 20:43:09 - back_end.slot_monitor.headless_slot_monitor - INFO - Initialized 4 slots
2026-04-22 20:43:09 - back_end.slot_monitor.headless_slot_monitor - INFO - Creating 4 workers...
2026-04-22 20:43:09 - back_end.slot_monitor.worker_async - INFO - AsyncWorker 0 initialized: slots=[0]
2026-04-22 20:43:09 - back_end.slot_monitor.worker_async - INFO - AsyncWorker 1 initialized: slots=[1]
2026-04-22 20:43:09 - back_end.slot_monitor.worker_async - INFO - AsyncWorker 2 initialized: slots=[2]
2026-04-22 20:43:09 - back_end.slot_monitor.worker_async - INFO - AsyncWorker 3 initialized: slots=[3]
2026-04-22 20:43:09 - back_end.slot_monitor.worker_async - INFO - WorkerPool created: 4 workers, 4 slots
2026-04-22 20:43:09 - back_end.slot_monitor.headless_slot_monitor - INFO - 4 workers ready
2026-04-22 20:43:09 - back_end.slot_monitor.services.operation_context - INFO - WorkerPool attached to OperationContext
2026-04-22 20:43:09 - back_end.slot_monitor.headless_slot_monitor - INFO - Setup complete
2026-04-22 20:43:09 - back_end.slot_monitor.headless_slot_monitor - INFO - ======================================================================
2026-04-22 20:43:09 - back_end.slot_monitor.admin.admin_ops_handler - INFO - Admin resolution WebSocket handlers registered
2026-04-22 20:43:09 - back_end.slot_monitor.headless_slot_monitor - INFO - MONITORING ACTIVE
2026-04-22 20:43:09 - __main__ - INFO - Admin resolution system ready
2026-04-22 20:43:09 - back_end.slot_monitor.headless_slot_monitor - INFO - ======================================================================
2026-04-22 20:43:09 - __main__ - INFO - Ready — press Ctrl+C to stop
2026-04-22 20:43:09 - back_end.slot_monitor.worker_async - INFO - Starting worker pool...
2026-04-22 20:43:09 - werkzeug - WARNING - Werkzeug appears to be used in a production deployment. Consider switching to a production web server instead.
2026-04-22 20:43:09 - back_end.slot_monitor.worker_async - INFO - AsyncWorker 0 started
2026-04-22 20:43:09 - back_end.slot_monitor.worker_async - INFO - AsyncWorker 1 started
2026-04-22 20:43:09 - back_end.slot_monitor.worker_async - INFO - AsyncWorker 2 started
2026-04-22 20:43:09 - back_end.slot_monitor.worker_async - INFO - AsyncWorker 3 started
2026-04-22 20:43:09 - back_end.slot_monitor.worker_async - INFO - Worker 0 entering event-driven loop
2026-04-22 20:43:09 - back_end.slot_monitor.worker_async - INFO - Worker 1 entering event-driven loop
2026-04-22 20:43:09 - back_end.slot_monitor.worker_async - INFO - Worker 2 entering event-driven loop
2026-04-22 20:43:09 - back_end.slot_monitor.worker_async - INFO - Worker 3 entering event-driven loop
2026-04-22 20:43:09 - back_end.slot_monitor.worker_async - INFO - 4 workers started
2026-04-22 20:43:09 - werkzeug - INFO - [31m[1mWARNING: This is a development server. Do not use it in a production deployment. Use a production WSGI server instead.[0m
 * Running on all addresses (0.0.0.0)
 * Running on http://127.0.0.1:5000
 * Running on http://192.168.0.2:5000
2026-04-22 20:43:09 - werkzeug - INFO - [33mPress CTRL+C to quit[0m
2026-04-22 20:43:39 - back_end.slot_monitor.headless_slot_monitor - INFO - ======================================================================
2026-04-22 20:43:39 - back_end.slot_monitor.headless_slot_monitor - INFO - SLOT MONITOR STATUS
2026-04-22 20:43:39 - back_end.slot_monitor.headless_slot_monitor - INFO - ======================================================================
2026-04-22 20:43:39 - back_end.slot_monitor.headless_slot_monitor - INFO - Camera: 879 frames, 4 subscribers
2026-04-22 20:43:39 - back_end.slot_monitor.headless_slot_monitor - INFO - Workers: 3496 frames, avg_dist=0.0000
2026-04-22 20:43:39 - back_end.slot_monitor.headless_slot_monitor - INFO - Alarms: 0, Errors: 0
2026-04-22 20:43:44 - back_end.slot_monitor.worker_async - INFO - Worker 0: frames=1000 avg_dist=0.0000 avg_time=1.21ms alarms=0 suppressed=0 paused=0 errors=0
2026-04-22 20:43:44 - back_end.slot_monitor.worker_async - INFO - Worker 1: frames=1000 avg_dist=0.0000 avg_time=0.79ms alarms=0 suppressed=0 paused=0 errors=0
2026-04-22 20:43:44 - back_end.slot_monitor.worker_async - INFO - Worker 2: frames=1000 avg_dist=0.0000 avg_time=0.67ms alarms=0 suppressed=0 paused=0 errors=0
2026-04-22 20:43:44 - back_end.slot_monitor.worker_async - INFO - Worker 3: frames=1000 avg_dist=0.0000 avg_time=0.70ms alarms=0 suppressed=0 paused=0 errors=0
2026-04-22 20:44:09 - back_end.slot_monitor.headless_slot_monitor - INFO - ======================================================================
2026-04-22 20:44:09 - back_end.slot_monitor.headless_slot_monitor - INFO - SLOT MONITOR STATUS
2026-04-22 20:44:09 - back_end.slot_monitor.headless_slot_monitor - INFO - ======================================================================
2026-04-22 20:44:09 - back_end.slot_monitor.headless_slot_monitor - INFO - Camera: 1754 frames, 4 subscribers
2026-04-22 20:44:09 - back_end.slot_monitor.headless_slot_monitor - INFO - Workers: 6996 frames, avg_dist=0.0000
2026-04-22 20:44:09 - back_end.slot_monitor.headless_slot_monitor - INFO - Alarms: 0, Errors: 0
2026-04-22 20:44:18 - back_end.slot_monitor.worker_async - INFO - Worker 0: frames=2000 avg_dist=0.0000 avg_time=1.24ms alarms=0 suppressed=0 paused=0 errors=0
2026-04-22 20:44:18 - back_end.slot_monitor.worker_async - INFO - Worker 1: frames=2000 avg_dist=0.0000 avg_time=0.82ms alarms=0 suppressed=0 paused=0 errors=0
2026-04-22 20:44:18 - back_end.slot_monitor.worker_async - INFO - Worker 2: frames=2000 avg_dist=0.0000 avg_time=0.70ms alarms=0 suppressed=0 paused=0 errors=0
2026-04-22 20:44:18 - back_end.slot_monitor.worker_async - INFO - Worker 3: frames=2000 avg_dist=0.0000 avg_time=0.72ms alarms=0 suppressed=0 paused=0 errors=0
2026-04-22 20:44:38 - __main__ - INFO - ============================================================
2026-04-22 20:44:38 - __main__ - INFO - Signal 2 received — shutting down
2026-04-22 20:44:38 - __main__ - INFO - ============================================================
2026-04-22 20:44:38 - back_end.server.webrtc_handler - INFO - Shutting down WebRTC handler...
2026-04-22 20:44:38 - back_end.server.webrtc_handler - INFO - WebRTC handler shutdown complete
2026-04-22 20:44:38 - back_end.slot_monitor.camera.top_camera - INFO - [TopCamera] Stopped
2026-04-22 20:44:38 - back_end.slot_monitor.camera.rolling_buffer - INFO - [TopRollingBuffer] Stopped
2026-04-22 20:44:38 - back_end.slot_monitor.services.operation_context - INFO - Operation cleanup thread stopped
2026-04-22 20:44:38 - back_end.slot_monitor.headless_slot_monitor - INFO - Stop event received — shutting down slot monitor
2026-04-22 20:44:38 - back_end.slot_monitor.headless_slot_monitor - INFO - Shutting down slot monitor...
2026-04-22 20:44:38 - back_end.slot_monitor.worker_async - INFO - Stopping worker pool...
2026-04-22 20:44:38 - back_end.slot_monitor.worker_async - INFO - Worker 0 cancelled
2026-04-22 20:44:38 - back_end.slot_monitor.worker_async - INFO - Worker 1 cancelled
2026-04-22 20:44:38 - back_end.slot_monitor.worker_async - INFO - Worker 2 cancelled
2026-04-22 20:44:38 - back_end.slot_monitor.worker_async - INFO - Worker 3 cancelled
2026-04-22 20:44:38 - back_end.slot_monitor.worker_async - INFO - AsyncWorker 0 stopped
2026-04-22 20:44:38 - back_end.slot_monitor.worker_async - INFO - AsyncWorker 1 stopped
2026-04-22 20:44:38 - back_end.slot_monitor.worker_async - INFO - AsyncWorker 2 stopped
2026-04-22 20:44:38 - back_end.slot_monitor.worker_async - INFO - AsyncWorker 3 stopped
2026-04-22 20:44:38 - back_end.slot_monitor.worker_async - INFO - 4 workers stopped
2026-04-22 20:44:38 - back_end.slot_monitor.camera.camera_async - INFO - Async camera capture stopped
2026-04-22 20:44:38 - back_end.slot_monitor.camera.camera_async - INFO - Async camera released
2026-04-22 20:44:38 - back_end.slot_monitor.db_interface - INFO - AsyncPG pool closed
2026-04-22 20:44:38 - back_end.slot_monitor.headless_slot_monitor - INFO - Slot monitor shutdown complete
2026-04-22 20:44:38 - __main__ - INFO - All modules stopped — exiting
